Archive member included to satisfy reference by file (symbol)

/home/chris/dev/bin/../lib/gcc/arm-none-eabi/7.3.1/../../../../arm-none-eabi/lib/thumb/v7e-m/libc_nano.a(lib_a-exit.o)
                              /home/chris/dev/bin/../lib/gcc/arm-none-eabi/7.3.1/../../../../arm-none-eabi/lib/thumb/v7e-m/crt0.o (exit)
/home/chris/dev/bin/../lib/gcc/arm-none-eabi/7.3.1/../../../../arm-none-eabi/lib/thumb/v7e-m/libc_nano.a(lib_a-impure.o)
                              /home/chris/dev/bin/../lib/gcc/arm-none-eabi/7.3.1/../../../../arm-none-eabi/lib/thumb/v7e-m/libc_nano.a(lib_a-exit.o) (_global_impure_ptr)
/home/chris/dev/bin/../lib/gcc/arm-none-eabi/7.3.1/../../../../arm-none-eabi/lib/thumb/v7e-m/libc_nano.a(lib_a-init.o)
                              /home/chris/dev/bin/../lib/gcc/arm-none-eabi/7.3.1/../../../../arm-none-eabi/lib/thumb/v7e-m/crt0.o (__libc_init_array)
/home/chris/dev/bin/../lib/gcc/arm-none-eabi/7.3.1/../../../../arm-none-eabi/lib/thumb/v7e-m/libc_nano.a(lib_a-memcpy-stub.o)
                              hpl/nvmctrl/hpl_nvmctrl.o (memcpy)
/home/chris/dev/bin/../lib/gcc/arm-none-eabi/7.3.1/../../../../arm-none-eabi/lib/thumb/v7e-m/libc_nano.a(lib_a-memset.o)
                              /home/chris/dev/bin/../lib/gcc/arm-none-eabi/7.3.1/../../../../arm-none-eabi/lib/thumb/v7e-m/crt0.o (memset)
/home/chris/dev/bin/../lib/gcc/arm-none-eabi/7.3.1/../../../../arm-none-eabi/lib/thumb/v7e-m/libc_nano.a(lib_a-printf.o)
                              hal/utils/src/utils_syscalls.o (printf)
/home/chris/dev/bin/../lib/gcc/arm-none-eabi/7.3.1/../../../../arm-none-eabi/lib/thumb/v7e-m/libc_nano.a(lib_a-findfp.o)
                              /home/chris/dev/bin/../lib/gcc/arm-none-eabi/7.3.1/../../../../arm-none-eabi/lib/thumb/v7e-m/libc_nano.a(lib_a-printf.o) (__sinit)
/home/chris/dev/bin/../lib/gcc/arm-none-eabi/7.3.1/../../../../arm-none-eabi/lib/thumb/v7e-m/libc_nano.a(lib_a-fwalk.o)
                              /home/chris/dev/bin/../lib/gcc/arm-none-eabi/7.3.1/../../../../arm-none-eabi/lib/thumb/v7e-m/libc_nano.a(lib_a-findfp.o) (_fwalk)
/home/chris/dev/bin/../lib/gcc/arm-none-eabi/7.3.1/../../../../arm-none-eabi/lib/thumb/v7e-m/libc_nano.a(lib_a-nano-mallocr.o)
                              /home/chris/dev/bin/../lib/gcc/arm-none-eabi/7.3.1/../../../../arm-none-eabi/lib/thumb/v7e-m/libc_nano.a(lib_a-findfp.o) (_malloc_r)
/home/chris/dev/bin/../lib/gcc/arm-none-eabi/7.3.1/../../../../arm-none-eabi/lib/thumb/v7e-m/libc_nano.a(lib_a-nano-vfprintf.o)
                              /home/chris/dev/bin/../lib/gcc/arm-none-eabi/7.3.1/../../../../arm-none-eabi/lib/thumb/v7e-m/libc_nano.a(lib_a-printf.o) (_vfprintf_r)
/home/chris/dev/bin/../lib/gcc/arm-none-eabi/7.3.1/../../../../arm-none-eabi/lib/thumb/v7e-m/libc_nano.a(lib_a-nano-vfprintf_i.o)
                              /home/chris/dev/bin/../lib/gcc/arm-none-eabi/7.3.1/../../../../arm-none-eabi/lib/thumb/v7e-m/libc_nano.a(lib_a-nano-vfprintf.o) (_printf_i)
/home/chris/dev/bin/../lib/gcc/arm-none-eabi/7.3.1/../../../../arm-none-eabi/lib/thumb/v7e-m/libc_nano.a(lib_a-sbrkr.o)
                              /home/chris/dev/bin/../lib/gcc/arm-none-eabi/7.3.1/../../../../arm-none-eabi/lib/thumb/v7e-m/libc_nano.a(lib_a-nano-mallocr.o) (_sbrk_r)
/home/chris/dev/bin/../lib/gcc/arm-none-eabi/7.3.1/../../../../arm-none-eabi/lib/thumb/v7e-m/libc_nano.a(lib_a-stdio.o)
                              /home/chris/dev/bin/../lib/gcc/arm-none-eabi/7.3.1/../../../../arm-none-eabi/lib/thumb/v7e-m/libc_nano.a(lib_a-findfp.o) (__sread)
/home/chris/dev/bin/../lib/gcc/arm-none-eabi/7.3.1/../../../../arm-none-eabi/lib/thumb/v7e-m/libc_nano.a(lib_a-wbuf.o)
                              /home/chris/dev/bin/../lib/gcc/arm-none-eabi/7.3.1/../../../../arm-none-eabi/lib/thumb/v7e-m/libc_nano.a(lib_a-nano-vfprintf.o) (__swbuf_r)
/home/chris/dev/bin/../lib/gcc/arm-none-eabi/7.3.1/../../../../arm-none-eabi/lib/thumb/v7e-m/libc_nano.a(lib_a-writer.o)
                              /home/chris/dev/bin/../lib/gcc/arm-none-eabi/7.3.1/../../../../arm-none-eabi/lib/thumb/v7e-m/libc_nano.a(lib_a-stdio.o) (_write_r)
/home/chris/dev/bin/../lib/gcc/arm-none-eabi/7.3.1/../../../../arm-none-eabi/lib/thumb/v7e-m/libc_nano.a(lib_a-wsetup.o)
                              /home/chris/dev/bin/../lib/gcc/arm-none-eabi/7.3.1/../../../../arm-none-eabi/lib/thumb/v7e-m/libc_nano.a(lib_a-nano-vfprintf.o) (__swsetup_r)
/home/chris/dev/bin/../lib/gcc/arm-none-eabi/7.3.1/../../../../arm-none-eabi/lib/thumb/v7e-m/libc_nano.a(lib_a-closer.o)
                              /home/chris/dev/bin/../lib/gcc/arm-none-eabi/7.3.1/../../../../arm-none-eabi/lib/thumb/v7e-m/libc_nano.a(lib_a-stdio.o) (_close_r)
/home/chris/dev/bin/../lib/gcc/arm-none-eabi/7.3.1/../../../../arm-none-eabi/lib/thumb/v7e-m/libc_nano.a(lib_a-fflush.o)
                              /home/chris/dev/bin/../lib/gcc/arm-none-eabi/7.3.1/../../../../arm-none-eabi/lib/thumb/v7e-m/libc_nano.a(lib_a-findfp.o) (_fflush_r)
[...]
Memory Configuration

Name             Origin             Length             Attributes
rom              0x0000000000004000 0x000000000007c000 xr
ram              0x0000000020000000 0x0000000000030000 xrw
bkupram          0x0000000047000000 0x0000000000002000 xrw
qspi             0x0000000004000000 0x0000000001000000 xrw
*default*        0x0000000000000000 0xffffffffffffffff

Linker script and memory map

LOAD /home/chris/dev/bin/../lib/gcc/arm-none-eabi/7.3.1/thumb/v7e-m/crti.o
LOAD /home/chris/dev/bin/../lib/gcc/arm-none-eabi/7.3.1/thumb/v7e-m/crtbegin.o
LOAD /home/chris/dev/bin/../lib/gcc/arm-none-eabi/7.3.1/../../../../arm-none-eabi/lib/thumb/v7e-m/crt0.o
LOAD hal/src/hal_io.o
LOAD hpl/systick/hpl_systick.o
LOAD hpl/core/hpl_core_m4.o
LOAD hal/utils/src/utils_syscalls.o
LOAD hpl/nvmctrl/hpl_nvmctrl.o
LOAD hal/src/hal_delay.o
LOAD hpl/oscctrl/hpl_oscctrl.o
LOAD hpl/core/hpl_init.o
LOAD hpl/gclk/hpl_gclk.o
LOAD hal/utils/src/utils_list.o
LOAD gcc/system_samd51.o
LOAD hal/utils/src/utils_assert.o
LOAD hpl/dmac/hpl_dmac.o
LOAD hpl/pm/hpl_pm.o
LOAD hpl/mclk/hpl_mclk.o
LOAD hpl/ramecc/hpl_ramecc.o
LOAD hal/src/hal_flash.o
LOAD hal/src/hal_init.o
LOAD gcc/gcc/startup_samd51.o
LOAD main.o
LOAD gpio_local.o
LOAD hpl/osc32kctrl/hpl_osc32kctrl.o
LOAD examples/driver_examples.o
LOAD driver_init.o
LOAD hal/src/hal_gpio.o
LOAD hal/utils/src/utils_event.o
LOAD hal/src/hal_sleep.o
LOAD atmel_start.o
LOAD hal/src/hal_atomic.o
START GROUP
LOAD /home/chris/dev/bin/../lib/gcc/arm-none-eabi/7.3.1/../../../../arm-none-eabi/lib/thumb/v7e-m/libm.a
END GROUP
START GROUP
LOAD /home/chris/dev/bin/../lib/gcc/arm-none-eabi/7.3.1/thumb/v7e-m/libgcc.a
LOAD /home/chris/dev/bin/../lib/gcc/arm-none-eabi/7.3.1/../../../../arm-none-eabi/lib/thumb/v7e-m/libc_nano.a
END GROUP
START GROUP
LOAD /home/chris/dev/bin/../lib/gcc/arm-none-eabi/7.3.1/thumb/v7e-m/libgcc.a
LOAD /home/chris/dev/bin/../lib/gcc/arm-none-eabi/7.3.1/../../../../arm-none-eabi/lib/thumb/v7e-m/libc_nano.a
END GROUP
LOAD /home/chris/dev/bin/../lib/gcc/arm-none-eabi/7.3.1/thumb/v7e-m/crtend.o
LOAD /home/chris/dev/bin/../lib/gcc/arm-none-eabi/7.3.1/thumb/v7e-m/crtn.o
                0x000000000000c000                STACK_SIZE = DEFINED (STACK_SIZE)?STACK_SIZE:DEFINED (__stack_size__)?__stack_size__:0xc000

.text           0x0000000000004000      0x62c
                0x0000000000004000                . = ALIGN (0x4)
                0x0000000000004000                _sfixed = .
 *(.vectors .vectors.*)
 .vectors       0x0000000000004000      0x264 gcc/gcc/startup_samd51.o
                0x0000000000004000                exception_table
 *(.text .text.* .gnu.linkonce.t.*)
 .text          0x0000000000004264       0x40 /home/chris/dev/bin/../lib/gcc/arm-none-eabi/7.3.1/thumb/v7e-m/crtbegin.o
 .text.NVMCTRL_0_Handler
                0x00000000000042a4       0x2c hpl/nvmctrl/hpl_nvmctrl.o
                0x00000000000042a4                NVMCTRL_0_Handler
 .text.NVMCTRL_1_Handler
                0x00000000000042d0        0x8 hpl/nvmctrl/hpl_nvmctrl.o
                0x00000000000042d0                NVMCTRL_1_Handler
 .text.SystemInit
                0x00000000000042d8       0x10 gcc/system_samd51.o
                0x00000000000042d8                SystemInit
 .text.RAMECC_Handler
                0x00000000000042e8       0x38 hpl/ramecc/hpl_ramecc.o
                0x00000000000042e8                RAMECC_Handler
 .text.Dummy_Handler
                0x0000000000004320        0x2 gcc/gcc/startup_samd51.o
                0x0000000000004320                EIC_5_Handler
                0x0000000000004320                SERCOM0_2_Handler
                0x0000000000004320                DebugMon_Handler
                0x0000000000004320                EIC_13_Handler
                0x0000000000004320                EVSYS_0_Handler
                0x0000000000004320                TCC1_3_Handler
                0x0000000000004320                DAC_3_Handler
                0x0000000000004320                TRNG_Handler
                0x0000000000004320                HardFault_Handler
                0x0000000000004320                TC2_Handler
                0x0000000000004320                PDEC_2_Handler
                0x0000000000004320                EIC_4_Handler
                0x0000000000004320                AC_Handler
                0x0000000000004320                SERCOM3_1_Handler
                0x0000000000004320                SysTick_Handler
                0x0000000000004320                TCC2_3_Handler
                0x0000000000004320                SERCOM3_2_Handler
                0x0000000000004320                PendSV_Handler
                0x0000000000004320                NMI_Handler
                0x0000000000004320                ADC1_1_Handler
                0x0000000000004320                EVSYS_3_Handler
                0x0000000000004320                PDEC_0_Handler
                0x0000000000004320                QSPI_Handler
                0x0000000000004320                TCC0_0_Handler
                0x0000000000004320                EIC_3_Handler
                0x0000000000004320                TAL_0_Handler
                0x0000000000004320                DAC_2_Handler
                0x0000000000004320                SERCOM0_0_Handler
                0x0000000000004320                RTC_Handler
                0x0000000000004320                UsageFault_Handler
                0x0000000000004320                SERCOM4_0_Handler
                0x0000000000004320                EIC_10_Handler
                0x0000000000004320                SERCOM0_3_Handler
                0x0000000000004320                EIC_11_Handler
                0x0000000000004320                EIC_9_Handler
                0x0000000000004320                OSC32KCTRL_Handler
                0x0000000000004320                TCC2_1_Handler
                0x0000000000004320                SUPC_1_Handler
                0x0000000000004320                TCC0_5_Handler
                0x0000000000004320                TCC0_6_Handler
                0x0000000000004320                EVSYS_1_Handler
                0x0000000000004320                TCC1_4_Handler
                0x0000000000004320                DMAC_0_Handler
                0x0000000000004320                WDT_Handler
                0x0000000000004320                EIC_8_Handler
                0x0000000000004320                EIC_15_Handler
                0x0000000000004320                SERCOM5_0_Handler
                0x0000000000004320                TC4_Handler
                0x0000000000004320                TC1_Handler
                0x0000000000004320                OSCCTRL_4_Handler
                0x0000000000004320                SERCOM4_3_Handler
                0x0000000000004320                EIC_12_Handler
                0x0000000000004320                DMAC_4_Handler
                0x0000000000004320                TCC4_2_Handler
                0x0000000000004320                PAC_Handler
                0x0000000000004320                TCC1_0_Handler
                0x0000000000004320                USB_0_Handler
                0x0000000000004320                OSCCTRL_0_Handler
                0x0000000000004320                EIC_0_Handler
                0x0000000000004320                OSCCTRL_3_Handler
                0x0000000000004320                SERCOM4_1_Handler
                0x0000000000004320                TC3_Handler
                0x0000000000004320                Dummy_Handler
                0x0000000000004320                TCC3_0_Handler
                0x0000000000004320                TCC2_2_Handler
                0x0000000000004320                SERCOM5_1_Handler
                0x0000000000004320                TCC1_1_Handler
                0x0000000000004320                DMAC_2_Handler
                0x0000000000004320                ADC0_0_Handler
                0x0000000000004320                SERCOM0_1_Handler
                0x0000000000004320                OSCCTRL_2_Handler
                0x0000000000004320                ADC1_0_Handler
                0x0000000000004320                TCC1_2_Handler
                0x0000000000004320                USB_1_Handler
                0x0000000000004320                PM_Handler
                0x0000000000004320                SERCOM2_3_Handler
                0x0000000000004320                DAC_4_Handler
                0x0000000000004320                TCC3_2_Handler
                0x0000000000004320                TCC0_2_Handler
                0x0000000000004320                DMAC_1_Handler
                0x0000000000004320                TCC4_0_Handler
                0x0000000000004320                USB_3_Handler
                0x0000000000004320                TCC2_0_Handler
                0x0000000000004320                PDEC_1_Handler
                0x0000000000004320                MemManage_Handler
                0x0000000000004320                TCC4_1_Handler
                0x0000000000004320                SERCOM5_3_Handler
                0x0000000000004320                USB_2_Handler
                0x0000000000004320                SVC_Handler
                0x0000000000004320                SDHC0_Handler
                0x0000000000004320                SERCOM1_1_Handler
                0x0000000000004320                I2S_Handler
                0x0000000000004320                EIC_2_Handler
                0x0000000000004320                PCC_Handler
                0x0000000000004320                DAC_0_Handler
                0x0000000000004320                TCC0_1_Handler
                0x0000000000004320                SERCOM1_3_Handler
                0x0000000000004320                EIC_6_Handler
                0x0000000000004320                OSCCTRL_1_Handler
                0x0000000000004320                SERCOM1_0_Handler
                0x0000000000004320                PUKCC_Handler
                0x0000000000004320                SERCOM2_1_Handler
                0x0000000000004320                SERCOM1_2_Handler
                0x0000000000004320                SERCOM3_0_Handler
                0x0000000000004320                EIC_1_Handler
                0x0000000000004320                SERCOM4_2_Handler
                0x0000000000004320                EVSYS_4_Handler
                0x0000000000004320                EIC_7_Handler
                0x0000000000004320                SERCOM5_2_Handler
                0x0000000000004320                SERCOM3_3_Handler
                0x0000000000004320                ADC0_1_Handler
                0x0000000000004320                SERCOM2_2_Handler
                0x0000000000004320                TCC3_1_Handler
                0x0000000000004320                EIC_14_Handler
                0x0000000000004320                DAC_1_Handler
                0x0000000000004320                TAL_1_Handler
                0x0000000000004320                MCLK_Handler
                0x0000000000004320                EVSYS_2_Handler
                0x0000000000004320                SUPC_0_Handler
                0x0000000000004320                BusFault_Handler
                0x0000000000004320                FREQM_Handler
                0x0000000000004320                TC0_Handler
                0x0000000000004320                TCC0_3_Handler
                0x0000000000004320                DMAC_3_Handler
                0x0000000000004320                TCC0_4_Handler
                0x0000000000004320                TC5_Handler
                0x0000000000004320                SERCOM2_0_Handler
                0x0000000000004320                AES_Handler
                0x0000000000004320                ICM_Handler
 *fill*         0x0000000000004322        0x2 
 .text.Reset_Handler
                0x0000000000004324       0x78 gcc/gcc/startup_samd51.o
                0x0000000000004324                Reset_Handler
 .text.uSec     0x000000000000439c       0x16 main.o
                0x000000000000439c                uSec
 *fill*         0x00000000000043b2        0x2 
 .text.short_timer
                0x00000000000043b4       0x18 main.o
                0x00000000000043b4                short_timer
 .text.raise_LED_pins
                0x00000000000043cc       0x18 main.o
                0x00000000000043cc                raise_LED_pins
 .text.lower_LED_pins
                0x00000000000043e4       0x18 main.o
                0x00000000000043e4                lower_LED_pins
 .text.blink_LED
                0x00000000000043fc       0x24 main.o
                0x00000000000043fc                blink_LED
 .text.blinkLEDfast
                0x0000000000004420       0x14 main.o
                0x0000000000004420                blinkLEDfast
 .text.clock_init
                0x0000000000004434       0xdc main.o
                0x0000000000004434                clock_init
 .text.nmain    0x0000000000004510       0x24 main.o
                0x0000000000004510                nmain
 .text.startup.main
                0x0000000000004534       0x24 main.o
                0x0000000000004534                main
 .text.init_act_LED
                0x0000000000004558       0x2c gpio_local.o
                0x0000000000004558                init_act_LED
 .text.raise_D13_metro
                0x0000000000004584       0x10 gpio_local.o
                0x0000000000004584                raise_D13_metro
 .text.raise_D13_feather
                0x0000000000004594       0x10 gpio_local.o
                0x0000000000004594                raise_D13_feather
 .text.lower_D13_metro
                0x00000000000045a4       0x10 gpio_local.o
                0x00000000000045a4                lower_D13_metro
 .text.lower_D13_feather
                0x00000000000045b4       0x10 gpio_local.o
                0x00000000000045b4                lower_D13_feather
 .text.__libc_init_array
                0x00000000000045c4       0x48 /home/chris/dev/bin/../lib/gcc/arm-none-eabi/7.3.1/../../../../arm-none-eabi/lib/thumb/v7e-m/libc_nano.a(lib_a-init.o)
                0x00000000000045c4                __libc_init_array
 *(.glue_7t)
 .glue_7t       0x000000000000460c        0x0 linker stubs
 *(.glue_7)
 .glue_7        0x000000000000460c        0x0 linker stubs
 *(.rodata .rodata* .gnu.linkonce.r.*)
 *(.ARM.extab* .gnu.linkonce.armextab.*)
                0x000000000000460c                . = ALIGN (0x4)
 *(.init)
 .init          0x000000000000460c        0x4 /home/chris/dev/bin/../lib/gcc/arm-none-eabi/7.3.1/thumb/v7e-m/crti.o
                0x000000000000460c                _init
 .init          0x0000000000004610        0x8 /home/chris/dev/bin/../lib/gcc/arm-none-eabi/7.3.1/thumb/v7e-m/crtn.o
                0x0000000000004618                . = ALIGN (0x4)
                0x0000000000004618                __preinit_array_start = .
 *(.preinit_array)
                0x0000000000004618                __preinit_array_end = .
                0x0000000000004618                . = ALIGN (0x4)
                0x0000000000004618                __init_array_start = .
 *(SORT_BY_NAME(.init_array.*))
 *(.init_array)
 .init_array    0x0000000000004618        0x4 /home/chris/dev/bin/../lib/gcc/arm-none-eabi/7.3.1/thumb/v7e-m/crtbegin.o
                0x000000000000461c                __init_array_end = .
                0x000000000000461c                . = ALIGN (0x4)
 *crtbegin.o(.ctors)
 *(EXCLUDE_FILE(*crtend.o) .ctors)
 *(SORT_BY_NAME(.ctors.*))
 *crtend.o(.ctors)
                0x000000000000461c                . = ALIGN (0x4)
 *(.fini)
 .fini          0x000000000000461c        0x4 /home/chris/dev/bin/../lib/gcc/arm-none-eabi/7.3.1/thumb/v7e-m/crti.o
                0x000000000000461c                _fini
 .fini          0x0000000000004620        0x8 /home/chris/dev/bin/../lib/gcc/arm-none-eabi/7.3.1/thumb/v7e-m/crtn.o
                0x0000000000004628                . = ALIGN (0x4)
                0x0000000000004628                __fini_array_start = .
 *(.fini_array)
 .fini_array    0x0000000000004628        0x4 /home/chris/dev/bin/../lib/gcc/arm-none-eabi/7.3.1/thumb/v7e-m/crtbegin.o
 *(SORT_BY_NAME(.fini_array.*))
                0x000000000000462c                __fini_array_end = .
 *crtbegin.o(.dtors)
 *(EXCLUDE_FILE(*crtend.o) .dtors)
 *(SORT_BY_NAME(.dtors.*))
 *crtend.o(.dtors)
                0x000000000000462c                . = ALIGN (0x4)
                0x000000000000462c                _efixed = .
                [!provide]                        PROVIDE (__exidx_start = .)

.vfp11_veneer   0x000000000000462c        0x0
 .vfp11_veneer  0x000000000000462c        0x0 linker stubs

.v4_bx          0x000000000000462c        0x0
 .v4_bx         0x000000000000462c        0x0 linker stubs

.iplt           0x000000000000462c        0x0
 .iplt          0x000000000000462c        0x0 /home/chris/dev/bin/../lib/gcc/arm-none-eabi/7.3.1/thumb/v7e-m/crtbegin.o

.igot.plt       0x000000000000462c        0x0
 .igot.plt      0x000000000000462c        0x0 /home/chris/dev/bin/../lib/gcc/arm-none-eabi/7.3.1/thumb/v7e-m/crtbegin.o

.eh_frame       0x000000000000462c        0x0
 .eh_frame      0x000000000000462c        0x0 /home/chris/dev/bin/../lib/gcc/arm-none-eabi/7.3.1/thumb/v7e-m/crtbegin.o

.rel.dyn        0x000000000000462c        0x0
 .rel.iplt      0x000000000000462c        0x0 /home/chris/dev/bin/../lib/gcc/arm-none-eabi/7.3.1/thumb/v7e-m/crtbegin.o

.ARM.exidx
 *(.ARM.exidx* .gnu.linkonce.armexidx.*)
                [!provide]                        PROVIDE (__exidx_end = .)
                0x000000000000462c                . = ALIGN (0x4)
                0x000000000000462c                _etext = .

.relocate       0x0000000020000000        0x4 load address 0x000000000000462c
                0x0000000020000000                . = ALIGN (0x4)
                0x0000000020000000                _srelocate = .
 *(.ramfunc .ramfunc.*)
 *(.data .data.*)
 .data          0x0000000020000000        0x4 gcc/system_samd51.o
                0x0000000020000000                SystemCoreClock
                0x0000000020000004                . = ALIGN (0x4)
                0x0000000020000004                _erelocate = .

.bkupram        0x0000000047000000        0x0
                0x0000000047000000                . = ALIGN (0x8)
                0x0000000047000000                _sbkupram = .
 *(.bkupram .bkupram.*)
                0x0000000047000000                . = ALIGN (0x8)
                0x0000000047000000                _ebkupram = .

.qspi           0x0000000004000000        0x0
                0x0000000004000000                . = ALIGN (0x8)
                0x0000000004000000                _sqspi = .
 *(.qspi .qspi.*)
                0x0000000004000000                . = ALIGN (0x8)
                0x0000000004000000                _eqspi = .

.bss            0x0000000020000004       0x30 load address 0x0000000000004630
                0x0000000020000004                . = ALIGN (0x4)
                0x0000000020000004                _sbss = .
                0x0000000020000004                _szero = .
 *(.bss .bss.*)
 .bss           0x0000000020000004       0x1c /home/chris/dev/bin/../lib/gcc/arm-none-eabi/7.3.1/thumb/v7e-m/crtbegin.o
 .bss           0x0000000020000020        0x4 hpl/nvmctrl/hpl_nvmctrl.o
 *(COMMON)
 COMMON         0x0000000020000024       0x10 hpl/ramecc/hpl_ramecc.o
                0x0000000020000024                device
                0x0000000020000034                . = ALIGN (0x4)
                0x0000000020000034                _ebss = .
                0x0000000020000034                _ezero = .

.stack          0x0000000020000034     0xc004 load address 0x0000000000004660
                0x0000000020000038                . = ALIGN (0x8)
 *fill*         0x0000000020000034        0x4 
                0x0000000020000038                _sstack = .
                0x000000002000c038                . = (. + STACK_SIZE)
 *fill*         0x0000000020000038     0xc000 
                0x000000002000c038                . = ALIGN (0x8)
                0x000000002000c038                _estack = .
                0x000000002000c038                . = ALIGN (0x4)
                0x000000002000c038                _end = .
OUTPUT(AtmelStart.elf elf32-littlearm)

.ARM.attributes
                0x0000000000000000       0x2e
 .ARM.attributes
                0x0000000000000000       0x1e /home/chris/dev/bin/../lib/gcc/arm-none-eabi/7.3.1/thumb/v7e-m/crti.o
 .ARM.attributes
                0x000000000000001e       0x2e /home/chris/dev/bin/../lib/gcc/arm-none-eabi/7.3.1/thumb/v7e-m/crtbegin.o
 .ARM.attributes
                0x000000000000004c       0x37 hpl/nvmctrl/hpl_nvmctrl.o
 .ARM.attributes
                0x0000000000000083       0x37 gcc/system_samd51.o
 .ARM.attributes
                0x00000000000000ba       0x37 hpl/ramecc/hpl_ramecc.o
 .ARM.attributes
                0x00000000000000f1       0x37 gcc/gcc/startup_samd51.o
 .ARM.attributes
                0x0000000000000128       0x37 main.o
 .ARM.attributes
                0x000000000000015f       0x37 gpio_local.o
 .ARM.attributes
                0x0000000000000196       0x2e /home/chris/dev/bin/../lib/gcc/arm-none-eabi/7.3.1/../../../../arm-none-eabi/lib/thumb/v7e-m/libc_nano.a(lib_a-init.o)
 .ARM.attributes
                0x00000000000001c4       0x1e /home/chris/dev/bin/../lib/gcc/arm-none-eabi/7.3.1/thumb/v7e-m/crtn.o

.comment        0x0000000000000000       0x7f
 .comment       0x0000000000000000       0x7f hpl/nvmctrl/hpl_nvmctrl.o
                                         0x80 (size before relaxing)
 .comment       0x000000000000007f       0x80 gcc/system_samd51.o
 .comment       0x000000000000007f       0x80 hpl/ramecc/hpl_ramecc.o
 .comment       0x000000000000007f       0x80 gcc/gcc/startup_samd51.o
 .comment       0x000000000000007f       0x80 main.o
 .comment       0x000000000000007f       0x80 gpio_local.o

.debug_info     0x0000000000000000     0x9222
 .debug_info    0x0000000000000000     0x4498 hpl/nvmctrl/hpl_nvmctrl.o
 .debug_info    0x0000000000004498       0xe3 gcc/system_samd51.o
 .debug_info    0x000000000000457b      0xb3f hpl/ramecc/hpl_ramecc.o
 .debug_info    0x00000000000050ba      0xbc2 gcc/gcc/startup_samd51.o
 .debug_info    0x0000000000005c7c     0x26d6 main.o
 .debug_info    0x0000000000008352      0xed0 gpio_local.o

.debug_abbrev   0x0000000000000000     0x1021
 .debug_abbrev  0x0000000000000000      0x5ee hpl/nvmctrl/hpl_nvmctrl.o
 .debug_abbrev  0x00000000000005ee       0xa0 gcc/system_samd51.o
 .debug_abbrev  0x000000000000068e      0x303 hpl/ramecc/hpl_ramecc.o
 .debug_abbrev  0x0000000000000991      0x18a gcc/gcc/startup_samd51.o
 .debug_abbrev  0x0000000000000b1b      0x283 main.o
 .debug_abbrev  0x0000000000000d9e      0x283 gpio_local.o

.debug_loc      0x0000000000000000     0x1856
 .debug_loc     0x0000000000000000     0x1366 hpl/nvmctrl/hpl_nvmctrl.o
 .debug_loc     0x0000000000001366       0xf3 hpl/ramecc/hpl_ramecc.o
 .debug_loc     0x0000000000001459       0x43 gcc/gcc/startup_samd51.o
 .debug_loc     0x000000000000149c       0xee main.o
 .debug_loc     0x000000000000158a      0x2cc gpio_local.o

.debug_aranges  0x0000000000000000      0x1e8
 .debug_aranges
                0x0000000000000000       0xc0 hpl/nvmctrl/hpl_nvmctrl.o
 .debug_aranges
                0x00000000000000c0       0x20 gcc/system_samd51.o
 .debug_aranges
                0x00000000000000e0       0x30 hpl/ramecc/hpl_ramecc.o
 .debug_aranges
                0x0000000000000110       0x28 gcc/gcc/startup_samd51.o
 .debug_aranges
                0x0000000000000138       0x70 main.o
 .debug_aranges
                0x00000000000001a8       0x40 gpio_local.o

.debug_ranges   0x0000000000000000      0x370
 .debug_ranges  0x0000000000000000      0x1f0 hpl/nvmctrl/hpl_nvmctrl.o
 .debug_ranges  0x00000000000001f0       0x10 gcc/system_samd51.o
 .debug_ranges  0x0000000000000200       0x50 hpl/ramecc/hpl_ramecc.o
 .debug_ranges  0x0000000000000250       0x18 gcc/gcc/startup_samd51.o
 .debug_ranges  0x0000000000000268       0xa8 main.o
 .debug_ranges  0x0000000000000310       0x60 gpio_local.o

.debug_macro    0x0000000000000000     0x248d
 .debug_macro   0x0000000000000000      0x75d hpl/nvmctrl/hpl_nvmctrl.o
 .debug_macro   0x000000000000075d       0x5e hpl/nvmctrl/hpl_nvmctrl.o
 .debug_macro   0x00000000000007bb       0x10 hpl/nvmctrl/hpl_nvmctrl.o
 .debug_macro   0x00000000000007cb       0x1c hpl/nvmctrl/hpl_nvmctrl.o
 .debug_macro   0x00000000000007e7      0x43e gcc/system_samd51.o
 .debug_macro   0x0000000000000c25       0x55 gcc/system_samd51.o
 .debug_macro   0x0000000000000c7a      0x617 hpl/ramecc/hpl_ramecc.o
 .debug_macro   0x0000000000001291      0x438 gcc/gcc/startup_samd51.o
 .debug_macro   0x00000000000016c9      0x6b8 main.o
 .debug_macro   0x0000000000001d81       0x64 main.o
 .debug_macro   0x0000000000001de5      0x6a8 gpio_local.o

.debug_line     0x0000000000000000     0x3a66
 .debug_line    0x0000000000000000      0xf9f hpl/nvmctrl/hpl_nvmctrl.o
 .debug_line    0x0000000000000f9f      0x5b1 gcc/system_samd51.o
 .debug_line    0x0000000000001550      0x9b1 hpl/ramecc/hpl_ramecc.o
 .debug_line    0x0000000000001f01      0x5ea gcc/gcc/startup_samd51.o
 .debug_line    0x00000000000024eb      0xb28 main.o
 .debug_line    0x0000000000003013      0xa53 gpio_local.o

.debug_str      0x0000000000000000    0xdfd52
 .debug_str     0x0000000000000000    0xde03e hpl/nvmctrl/hpl_nvmctrl.o
                                      0xde6b4 (size before relaxing)
 .debug_str     0x00000000000de03e       0x52 gcc/system_samd51.o
                                      0xd8547 (size before relaxing)
 .debug_str     0x00000000000de090      0x25d hpl/ramecc/hpl_ramecc.o
                                      0xda7a0 (size before relaxing)
 .debug_str     0x00000000000de2ed      0xb7d gcc/gcc/startup_samd51.o
                                      0xd90bb (size before relaxing)
 .debug_str     0x00000000000dee6a      0xb93 main.o
                                      0xda7ef (size before relaxing)
 .debug_str     0x00000000000df9fd      0x355 gpio_local.o
                                      0xda0c6 (size before relaxing)

.debug_frame    0x0000000000000000      0x4bc
 .debug_frame   0x0000000000000000      0x24c hpl/nvmctrl/hpl_nvmctrl.o
 .debug_frame   0x000000000000024c       0x30 gcc/system_samd51.o
 .debug_frame   0x000000000000027c       0x4c hpl/ramecc/hpl_ramecc.o
 .debug_frame   0x00000000000002c8       0x38 gcc/gcc/startup_samd51.o
 .debug_frame   0x0000000000000300      0x130 main.o
 .debug_frame   0x0000000000000430       0x60 gpio_local.o
 .debug_frame   0x0000000000000490       0x2c /home/chris/dev/bin/../lib/gcc/arm-none-eabi/7.3.1/../../../../arm-none-eabi/lib/thumb/v7e-m/libc_nano.a(lib_a-init.o)
